// Jest Snapshot v1, https://goo.gl/fbAQLP

exports[`App render 1`] = `
<div>
  <h1>
    Robot Factory
  </h1>
  <em>
    loading robots...
  </em>
</div>
`;
