// Jest Snapshot v1, https://goo.gl/fbAQLP

exports[`thing render 1`] = `
<div>
  Simon 
  4
</div>
`;
